../Drivers/CMSIS/Include/core_cm4.h:2064:26:uint32_t ITM_SendChar(uint32_t)	16	static,ignoring_inline_asm
../Core/Src/main.cpp:79:5:int main()	16	static
../Core/Src/main.cpp:228:6:void SystemClock_Config()	88	static
../Core/Src/main.cpp:274:13:void MX_I2C1_Init()	8	static
../Core/Src/main.cpp:308:13:void MX_TIM3_Init()	64	static
../Core/Src/main.cpp:367:13:void MX_TIM4_Init()	32	static
../Core/Src/main.cpp:412:13:void MX_USART2_UART_Init()	8	static
../Core/Src/main.cpp:443:13:void MX_DMA_Init()	16	static
../Core/Src/main.cpp:461:13:void MX_GPIO_Init()	48	static
../Core/Src/main.cpp:517:6:int _write(int, char*, int)	32	static
../Core/Src/main.cpp:536:6:void Error_Handler()	4	static,ignoring_inline_asm
