../Drivers/CMSIS/Include/core_cm4.h:2064:26:uint32_t ITM_SendChar(uint32_t)	16	static,ignoring_inline_asm
../Core/Src/main.cpp:89:5:int main()	8	static
../Core/Src/main.cpp:223:6:void SystemClock_Config()	88	static
../Core/Src/main.cpp:269:13:void MX_I2C1_Init()	8	static
../Core/Src/main.cpp:303:13:void MX_TIM3_Init()	64	static
../Core/Src/main.cpp:362:13:void MX_TIM4_Init()	32	static
../Core/Src/main.cpp:407:13:void MX_USART2_UART_Init()	8	static
../Core/Src/main.cpp:438:13:void MX_DMA_Init()	16	static
../Core/Src/main.cpp:456:13:void MX_GPIO_Init()	48	static
../Core/Src/main.cpp:512:6:int _write(int, char*, int)	32	static
../Core/Src/main.cpp:531:6:void Error_Handler()	4	static,ignoring_inline_asm
../Core/Src/main.cpp:540:1:void __static_initialization_and_destruction_0(int, int)	32	static
../Core/Src/main.cpp:540:1:cpp)	8	static
